// Vitest Snapshot v1, https://vitest.dev/guide/snapshot.html

exports[`Button component > matches snapshot 1`] = `
<button
  class="_button_afc71e _button--primary_afc71e test-class"
>
  Snapshot
</button>
`;
